 
****************************************
Report : area
Design : diffeq1
Version: M-2016.12
Date   : Wed Aug  9 17:39:08 2017
****************************************

Library(s) Used:

    gtech (File: /opt/synopsys/M-2016.12/synopsys-dc-M-2016.12/libraries/syn/gtech.db)

Number of ports:                         2112
Number of nets:                         13618
Number of cells:                         8229
Number of combinational cells:           7998
Number of sequential cells:               211
Number of macros/black boxes:               0
Number of buf/inv:                        959
Number of references:                      13

Combinational area:                  0.000000
Buf/Inv area:                        0.000000
Noncombinational area:               0.000000
Macro/Black Box area:                0.000000
Net Interconnect area:            2466.040823

Total cell area:                     0.000000
Total area:                       2466.040823

Information: This design contains unmapped logic. (RPT-7)
Information: Total fixed/moveable cell area and utilization are not completely calculated because the design contains unmapped logic. (DCT-007)
Information: Core area and utilization/aspect ratio were not calculated because there are no site rows. (DCT-008)



The above information was reported from the logical library. The following are from the physical library:

Hierarchical area distribution
------------------------------

                                  Global cell area          Local cell area
                                  ------------------  --------------------------- 
Hierarchical cell                 Absolute   Percent  Combi-    Noncombi-  Black-
                                  Total      Total    national  national   boxes   Design
--------------------------------  ---------  -------  --------  ---------  ------  ---------------------
diffeq1                              0.0000      0.0    0.0000     0.0000  0.0000  diffeq1
add_43                               0.0000      0.0    0.0000     0.0000  0.0000  *ADD_UNS_OP_32_32_32
add_43/*cell*29                      0.0000      0.0    0.0000     0.0000  0.0000  DW01_add_width32
add_44                               0.0000      0.0    0.0000     0.0000  0.0000  *ADD_UNS_OP_32_32_32
add_44/*cell*32                      0.0000      0.0    0.0000     0.0000  0.0000  DW01_add_width32
lt_40                                0.0000      0.0    0.0000     0.0000  0.0000  *LT_UNS_OP_32_32_1
lt_40/*cell*8                        0.0000      0.0    0.0000     0.0000  0.0000  DW01_cmp2_width32
mult_22                              0.0000      0.0    0.0000     0.0000  0.0000  *MULT_UNS_OP_32_32_32
mult_22/*cell*5                      0.0000      0.0    0.0000     0.0000  0.0000  DW02_mult
mult_42                              0.0000      0.0    0.0000     0.0000  0.0000  *MULT_UNS_OP_32_2_32
mult_42/*cell*11                     0.0000      0.0    0.0000     0.0000  0.0000  DW02_mult
mult_42_2                            0.0000      0.0    0.0000     0.0000  0.0000  *MULT_UNS_OP_32_32_32
mult_42_2/*cell*14                   0.0000      0.0    0.0000     0.0000  0.0000  DW02_mult
mult_42_3                            0.0000      0.0    0.0000     0.0000  0.0000  *MULT_UNS_OP_32_2_32
mult_42_3/*cell*20                   0.0000      0.0    0.0000     0.0000  0.0000  DW02_mult
mult_42_4                            0.0000      0.0    0.0000     0.0000  0.0000  *MULT_UNS_OP_32_32_32
mult_42_4/*cell*23                   0.0000      0.0    0.0000     0.0000  0.0000  DW02_mult
sub_42                               0.0000      0.0    0.0000     0.0000  0.0000  *SUB_UNS_OP_32_32_32
sub_42/*cell*17                      0.0000      0.0    0.0000     0.0000  0.0000  DW01_sub_width32
sub_42_2                             0.0000      0.0    0.0000     0.0000  0.0000  *SUB_UNS_OP_32_32_32
sub_42_2/*cell*26                    0.0000      0.0    0.0000     0.0000  0.0000  DW01_sub_width32
--------------------------------  ---------  -------  --------  ---------  ------  ---------------------
Total                                                   0.0000     0.0000  0.0000

1
