 
****************************************
Report : reference
Design : diffeq1
Version: M-2016.12
Date   : Wed Aug  9 17:39:10 2017
****************************************

Attributes:
    b - black box (unknown)
   bo - allows boundary optimization
    d - dont_touch
   mo - map_only
    h - hierarchical
    n - noncombinational
    r - removable
    s - synthetic operator
    u - contains unmapped logic

Reference          Library       Unit Area   Count    Total Area   Attributes
-----------------------------------------------------------------------------
**SEQGEN**                        0.000000     193      0.000000  n, u
*ADD_UNS_OP_32_32_32              0.000000       2      0.000000  s, u
*LT_UNS_OP_32_32_1                0.000000       1      0.000000  s, u
*MULT_UNS_OP_32_2_32              0.000000       2      0.000000  s, u
*MULT_UNS_OP_32_32_32             0.000000       3      0.000000  s, u
*SELECT_OP_3.1_3.1_1              0.000000       1      0.000000  s, u
*SELECT_OP_3.32_3.1_32            0.000000       3      0.000000  s, u
*SELECT_OP_4.1_4.1_1              0.000000       2      0.000000  s, u
*SUB_UNS_OP_32_32_32              0.000000       2      0.000000  s, u
GTECH_AND2         gtech          0.000000       4      0.000000  u
GTECH_BUF          gtech          0.000000       2      0.000000  u
GTECH_NOT          gtech          0.000000       4      0.000000  u
GTECH_OR2          gtech          0.000000       2      0.000000  u
-----------------------------------------------------------------------------
Total 13 references                                     0.000000

****************************************
Design: *ADD_UNS_OP_32_32_32 
****************************************
Reference          Library       Unit Area   Count    Total Area   Attributes
-----------------------------------------------------------------------------
DW01_add_width32                  0.000000       1      0.000000  h, u
-----------------------------------------------------------------------------
Total 1 references                                      0.000000

****************************************
Design: DW01_add_width32 
****************************************
Reference          Library       Unit Area   Count    Total Area   Attributes
-----------------------------------------------------------------------------
GTECH_ADD_ABC      gtech          0.000000      32      0.000000  u
-----------------------------------------------------------------------------
Total 1 references                                      0.000000

****************************************
Design: *LT_UNS_OP_32_32_1 
****************************************
Reference          Library       Unit Area   Count    Total Area   Attributes
-----------------------------------------------------------------------------
DW01_cmp2_width32                 0.000000       1      0.000000  h, u
-----------------------------------------------------------------------------
Total 1 references                                      0.000000

****************************************
Design: DW01_cmp2_width32 
****************************************
Reference          Library       Unit Area   Count    Total Area   Attributes
-----------------------------------------------------------------------------
GTECH_NAND2        gtech          0.000000      64      0.000000  u
GTECH_NOT          gtech          0.000000       1      0.000000  u
GTECH_OR_NOT       gtech          0.000000      32      0.000000  u
GTECH_XNOR2        gtech          0.000000      32      0.000000  u
GTECH_XOR2         gtech          0.000000       2      0.000000  u
-----------------------------------------------------------------------------
Total 5 references                                      0.000000

****************************************
Design: *MULT_UNS_OP_32_2_32 
****************************************
Reference          Library       Unit Area   Count    Total Area   Attributes
-----------------------------------------------------------------------------
DW02_mult                         0.000000       1      0.000000  h, u
-----------------------------------------------------------------------------
Total 1 references                                      0.000000

****************************************
Design: DW02_mult 
****************************************
Reference          Library       Unit Area   Count    Total Area   Attributes
-----------------------------------------------------------------------------
GTECH_ADD_AB       gtech          0.000000       1      0.000000  u
GTECH_ADD_ABC      gtech          0.000000      61      0.000000  u
GTECH_AND2         gtech          0.000000       2      0.000000  u
GTECH_BUF          gtech          0.000000       9      0.000000  u
GTECH_NOR2         gtech          0.000000      64      0.000000  u
GTECH_NOT          gtech          0.000000      37      0.000000  u
GTECH_OR2          gtech          0.000000      35      0.000000  u
GTECH_XNOR2        gtech          0.000000       1      0.000000  u
GTECH_XOR2         gtech          0.000000       2      0.000000  u
GTECH_XOR3         gtech          0.000000       1      0.000000  u
-----------------------------------------------------------------------------
Total 10 references                                     0.000000

****************************************
Design: *MULT_UNS_OP_32_32_32 
****************************************
Reference          Library       Unit Area   Count    Total Area   Attributes
-----------------------------------------------------------------------------
DW02_mult                         0.000000       1      0.000000  h, u
-----------------------------------------------------------------------------
Total 1 references                                      0.000000

****************************************
Design: DW02_mult 
****************************************
Reference          Library       Unit Area   Count    Total Area   Attributes
-----------------------------------------------------------------------------
GTECH_ADD_AB       gtech          0.000000      32      0.000000  u
GTECH_ADD_ABC      gtech          0.000000    1020      0.000000  u
GTECH_AND2         gtech          0.000000       2      0.000000  u
GTECH_BUF          gtech          0.000000     198      0.000000  u
GTECH_NOR2         gtech          0.000000    1024      0.000000  u
GTECH_NOT          gtech          0.000000      66      0.000000  u
GTECH_OR2          gtech          0.000000      65      0.000000  u
GTECH_XNOR2        gtech          0.000000       1      0.000000  u
GTECH_XOR2         gtech          0.000000       2      0.000000  u
GTECH_XOR3         gtech          0.000000       1      0.000000  u
-----------------------------------------------------------------------------
Total 10 references                                     0.000000

****************************************
Design: *SUB_UNS_OP_32_32_32 
****************************************
Reference          Library       Unit Area   Count    Total Area   Attributes
-----------------------------------------------------------------------------
DW01_sub_width32                  0.000000       1      0.000000  h, u
-----------------------------------------------------------------------------
Total 1 references                                      0.000000

****************************************
Design: DW01_sub_width32 
****************************************
Reference          Library       Unit Area   Count    Total Area   Attributes
-----------------------------------------------------------------------------
GTECH_ADD_ABC      gtech          0.000000      32      0.000000  u
GTECH_NOT          gtech          0.000000      34      0.000000  u
-----------------------------------------------------------------------------
Total 2 references                                      0.000000
1
