 
****************************************
Report : resources
Design : diffeq1
Version: M-2016.12
Date   : Wed Aug  9 17:39:10 2017
****************************************


Resource sharing reports are created during the compile command,
so the design must be compiled before resource sharing can be reported.

No implementations to report

No resource sharing information to report.
 
****************************************
Design : *ADD_UNS_OP_32_32_32
****************************************

No implementations to report

No resource sharing information to report.
 
****************************************
Design : DW01_add_width32
****************************************

No implementations to report

No resource sharing information to report.
 
****************************************
Design : *ADD_UNS_OP_32_32_32
****************************************

No implementations to report

No resource sharing information to report.
 
****************************************
Design : DW01_add_width32
****************************************

No implementations to report

No resource sharing information to report.
 
****************************************
Design : *SUB_UNS_OP_32_32_32
****************************************

No implementations to report

No resource sharing information to report.
 
****************************************
Design : DW01_sub_width32
****************************************

No implementations to report

No resource sharing information to report.
 
****************************************
Design : *MULT_UNS_OP_32_32_32
****************************************

No implementations to report

No resource sharing information to report.
 
****************************************
Design : DW02_mult
****************************************

No implementations to report

No resource sharing information to report.
 
****************************************
Design : *MULT_UNS_OP_32_2_32
****************************************

No implementations to report

No resource sharing information to report.
 
****************************************
Design : DW02_mult
****************************************

No implementations to report

No resource sharing information to report.
 
****************************************
Design : *SUB_UNS_OP_32_32_32
****************************************

No implementations to report

No resource sharing information to report.
 
****************************************
Design : DW01_sub_width32
****************************************

No implementations to report

No resource sharing information to report.
 
****************************************
Design : *MULT_UNS_OP_32_32_32
****************************************

No implementations to report

No resource sharing information to report.
 
****************************************
Design : DW02_mult
****************************************

No implementations to report

No resource sharing information to report.
 
****************************************
Design : *MULT_UNS_OP_32_2_32
****************************************

No implementations to report

No resource sharing information to report.
 
****************************************
Design : DW02_mult
****************************************

No implementations to report

No resource sharing information to report.
 
****************************************
Design : *LT_UNS_OP_32_32_1
****************************************

No implementations to report

No resource sharing information to report.
 
****************************************
Design : DW01_cmp2_width32
****************************************

No implementations to report

No resource sharing information to report.
 
****************************************
Design : *MULT_UNS_OP_32_32_32
****************************************

No implementations to report

No resource sharing information to report.
 
****************************************
Design : DW02_mult
****************************************

No implementations to report
1
